../Core/Src/main.c:87:6:HAL_UART_RxCpltCallback	16	static
../Core/Src/main.c:98:5:main	8	static
../Core/Src/main.c:154:6:SystemClock_Config	88	static
../Core/Src/main.c:201:13:MX_TIM2_Init	48	static
../Core/Src/main.c:259:13:MX_TIM4_Init	32	static
../Core/Src/main.c:304:13:MX_USART1_UART_Init	8	static
../Core/Src/main.c:337:13:MX_USART2_UART_Init	8	static
../Core/Src/main.c:370:13:MX_GPIO_Init	48	static
../Core/Src/main.c:413:6:usDelay	16	static
../Core/Src/main.c:423:6:HAL_TIM_IC_CaptureCallback	16	static
../Core/Src/main.c:441:6:calculateDistance	16	static
../Core/Src/main.c:481:6:checkState	8	static
../Core/Src/main.c:533:6:Error_Handler	4	static,ignoring_inline_asm
