Archive member included to satisfy reference by file (symbol)

/Applications/STM32CubeIDE.app/Contents/Eclipse/plugins/com.st.stm32cube.ide.mcu.externaltools.gnu-tools-for-stm32.10.3-2021.10.macos64_1.0.200.202301161003/tools/bin/../lib/gcc/arm-none-eabi/10.3.1/../../../../arm-none-eabi/lib/thumb/v7e-m+fp/hard/libc_nano.a(lib_a-errno.o)
                              ./Core/Src/syscalls.o (__errno)
/Applications/STM32CubeIDE.app/Contents/Eclipse/plugins/com.st.stm32cube.ide.mcu.externaltools.gnu-tools-for-stm32.10.3-2021.10.macos64_1.0.200.202301161003/tools/bin/../lib/gcc/arm-none-eabi/10.3.1/../../../../arm-none-eabi/lib/thumb/v7e-m+fp/hard/libc_nano.a(lib_a-exit.o)
                              /Applications/STM32CubeIDE.app/Contents/Eclipse/plugins/com.st.stm32cube.ide.mcu.externaltools.gnu-tools-for-stm32.10.3-2021.10.macos64_1.0.200.202301161003/tools/bin/../lib/gcc/arm-none-eabi/10.3.1/../../../../arm-none-eabi/lib/thumb/v7e-m+fp/hard/crt0.o (exit)
/Applications/STM32CubeIDE.app/Contents/Eclipse/plugins/com.st.stm32cube.ide.mcu.externaltools.gnu-tools-for-stm32.10.3-2021.10.macos64_1.0.200.202301161003/tools/bin/../lib/gcc/arm-none-eabi/10.3.1/../../../../arm-none-eabi/lib/thumb/v7e-m+fp/hard/libc_nano.a(lib_a-impure.o)
                              /Applications/STM32CubeIDE.app/Contents/Eclipse/plugins/com.st.stm32cube.ide.mcu.externaltools.gnu-tools-for-stm32.10.3-2021.10.macos64_1.0.200.202301161003/tools/bin/../lib/gcc/arm-none-eabi/10.3.1/../../../../arm-none-eabi/lib/thumb/v7e-m+fp/hard/libc_nano.a(lib_a-exit.o) (_global_impure_ptr)
/Applications/STM32CubeIDE.app/Contents/Eclipse/plugins/com.st.stm32cube.ide.mcu.externaltools.gnu-tools-for-stm32.10.3-2021.10.macos64_1.0.200.202301161003/tools/bin/../lib/gcc/arm-none-eabi/10.3.1/../../../../arm-none-eabi/lib/thumb/v7e-m+fp/hard/libc_nano.a(lib_a-init.o)
                              /Applications/STM32CubeIDE.app/Contents/Eclipse/plugins/com.st.stm32cube.ide.mcu.externaltools.gnu-tools-for-stm32.10.3-2021.10.macos64_1.0.200.202301161003/tools/bin/../lib/gcc/arm-none-eabi/10.3.1/../../../../arm-none-eabi/lib/thumb/v7e-m+fp/hard/crt0.o (__libc_init_array)
/Applications/STM32CubeIDE.app/Contents/Eclipse/plugins/com.st.stm32cube.ide.mcu.externaltools.gnu-tools-for-stm32.10.3-2021.10.macos64_1.0.200.202301161003/tools/bin/../lib/gcc/arm-none-eabi/10.3.1/../../../../arm-none-eabi/lib/thumb/v7e-m+fp/hard/libc_nano.a(lib_a-memset.o)
                              /Applications/STM32CubeIDE.app/Contents/Eclipse/plugins/com.st.stm32cube.ide.mcu.externaltools.gnu-tools-for-stm32.10.3-2021.10.macos64_1.0.200.202301161003/tools/bin/../lib/gcc/arm-none-eabi/10.3.1/../../../../arm-none-eabi/lib/thumb/v7e-m+fp/hard/crt0.o (memset)
/Applications/STM32CubeIDE.app/Contents/Eclipse/plugins/com.st.stm32cube.ide.mcu.externaltools.gnu-tools-for-stm32.10.3-2021.10.macos64_1.0.200.202301161003/tools/bin/../lib/gcc/arm-none-eabi/10.3.1/../../../../arm-none-eabi/lib/thumb/v7e-m+fp/hard/libc_nano.a(lib_a-strcmp.o)
                              ./Core/Src/main.o (strcmp)
/Applications/STM32CubeIDE.app/Contents/Eclipse/plugins/com.st.stm32cube.ide.mcu.externaltools.gnu-tools-for-stm32.10.3-2021.10.macos64_1.0.200.202301161003/tools/bin/../lib/gcc/arm-none-eabi/10.3.1/thumb/v7e-m+fp/hard/libgcc.a(_aeabi_uldivmod.o)
                              ./Drivers/STM32F4xx_HAL_Driver/Src/stm32f4xx_hal_rcc.o (__aeabi_uldivmod)
/Applications/STM32CubeIDE.app/Contents/Eclipse/plugins/com.st.stm32cube.ide.mcu.externaltools.gnu-tools-for-stm32.10.3-2021.10.macos64_1.0.200.202301161003/tools/bin/../lib/gcc/arm-none-eabi/10.3.1/thumb/v7e-m+fp/hard/libgcc.a(_udivmoddi4.o)
                              /Applications/STM32CubeIDE.app/Contents/Eclipse/plugins/com.st.stm32cube.ide.mcu.externaltools.gnu-tools-for-stm32.10.3-2021.10.macos64_1.0.200.202301161003/tools/bin/../lib/gcc/arm-none-eabi/10.3.1/thumb/v7e-m+fp/hard/libgcc.a(_aeabi_uldivmod.o) (__udivmoddi4)
/Applications/STM32CubeIDE.app/Contents/Eclipse/plugins/com.st.stm32cube.ide.mcu.externaltools.gnu-tools-for-stm32.10.3-2021.10.macos64_1.0.200.202301161003/tools/bin/../lib/gcc/arm-none-eabi/10.3.1/thumb/v7e-m+fp/hard/libgcc.a(_dvmd_tls.o)
                              /Applications/STM32CubeIDE.app/Contents/Eclipse/plugins/com.st.stm32cube.ide.mcu.externaltools.gnu-tools-for-stm32.10.3-2021.10.macos64_1.0.200.202301161003/tools/bin/../lib/gcc/arm-none-eabi/10.3.1/thumb/v7e-m+fp/hard/libgcc.a(_aeabi_uldivmod.o) (__aeabi_ldiv0)

Discarded input sections

 .text          0x0000000000000000        0x0 /Applications/STM32CubeIDE.app/Contents/Eclipse/plugins/com.st.stm32cube.ide.mcu.externaltools.gnu-tools-for-stm32.10.3-2021.10.macos64_1.0.200.202301161003/tools/bin/../lib/gcc/arm-none-eabi/10.3.1/thumb/v7e-m+fp/hard/crti.o
[...]
Memory Configuration

Name             Origin             Length             Attributes
RAM              0x0000000020000000 0x0000000000020000 xrw
FLASH            0x0000000008000000 0x0000000000080000 xr
*default*        0x0000000000000000 0xffffffffffffffff

Linker script and memory map

LOAD /Applications/STM32CubeIDE.app/Contents/Eclipse/plugins/com.st.stm32cube.ide.mcu.externaltools.gnu-tools-for-stm32.10.3-2021.10.macos64_1.0.200.202301161003/tools/bin/../lib/gcc/arm-none-eabi/10.3.1/thumb/v7e-m+fp/hard/crti.o
LOAD /Applications/STM32CubeIDE.app/Contents/Eclipse/plugins/com.st.stm32cube.ide.mcu.externaltools.gnu-tools-for-stm32.10.3-2021.10.macos64_1.0.200.202301161003/tools/bin/../lib/gcc/arm-none-eabi/10.3.1/thumb/v7e-m+fp/hard/crtbegin.o
LOAD /Applications/STM32CubeIDE.app/Contents/Eclipse/plugins/com.st.stm32cube.ide.mcu.externaltools.gnu-tools-for-stm32.10.3-2021.10.macos64_1.0.200.202301161003/tools/bin/../lib/gcc/arm-none-eabi/10.3.1/../../../../arm-none-eabi/lib/thumb/v7e-m+fp/hard/crt0.o
LOAD ./Core/Src/main.o
LOAD ./Core/Src/stm32f4xx_hal_msp.o
LOAD ./Core/Src/stm32f4xx_it.o
LOAD ./Core/Src/syscalls.o
LOAD ./Core/Src/sysmem.o
LOAD ./Core/Src/system_stm32f4xx.o
LOAD ./Core/Startup/startup_stm32f411retx.o
LOAD ./Drivers/STM32F4xx_HAL_Driver/Src/stm32f4xx_hal.o
LOAD ./Drivers/STM32F4xx_HAL_Driver/Src/stm32f4xx_hal_cortex.o
LOAD ./Drivers/STM32F4xx_HAL_Driver/Src/stm32f4xx_hal_dma.o
LOAD ./Drivers/STM32F4xx_HAL_Driver/Src/stm32f4xx_hal_dma_ex.o
LOAD ./Drivers/STM32F4xx_HAL_Driver/Src/stm32f4xx_hal_exti.o
LOAD ./Drivers/STM32F4xx_HAL_Driver/Src/stm32f4xx_hal_flash.o
LOAD ./Drivers/STM32F4xx_HAL_Driver/Src/stm32f4xx_hal_flash_ex.o
LOAD ./Drivers/STM32F4xx_HAL_Driver/Src/stm32f4xx_hal_flash_ramfunc.o
LOAD ./Drivers/STM32F4xx_HAL_Driver/Src/stm32f4xx_hal_gpio.o
LOAD ./Drivers/STM32F4xx_HAL_Driver/Src/stm32f4xx_hal_pwr.o
LOAD ./Drivers/STM32F4xx_HAL_Driver/Src/stm32f4xx_hal_pwr_ex.o
LOAD ./Drivers/STM32F4xx_HAL_Driver/Src/stm32f4xx_hal_rcc.o
LOAD ./Drivers/STM32F4xx_HAL_Driver/Src/stm32f4xx_hal_rcc_ex.o
LOAD ./Drivers/STM32F4xx_HAL_Driver/Src/stm32f4xx_hal_tim.o
LOAD ./Drivers/STM32F4xx_HAL_Driver/Src/stm32f4xx_hal_tim_ex.o
LOAD ./Drivers/STM32F4xx_HAL_Driver/Src/stm32f4xx_hal_uart.o
START GROUP
LOAD /Applications/STM32CubeIDE.app/Contents/Eclipse/plugins/com.st.stm32cube.ide.mcu.externaltools.gnu-tools-for-stm32.10.3-2021.10.macos64_1.0.200.202301161003/tools/bin/../lib/gcc/arm-none-eabi/10.3.1/../../../../arm-none-eabi/lib/thumb/v7e-m+fp/hard/libc_nano.a
LOAD /Applications/STM32CubeIDE.app/Contents/Eclipse/plugins/com.st.stm32cube.ide.mcu.externaltools.gnu-tools-for-stm32.10.3-2021.10.macos64_1.0.200.202301161003/tools/bin/../lib/gcc/arm-none-eabi/10.3.1/../../../../arm-none-eabi/lib/thumb/v7e-m+fp/hard/libm.a
END GROUP
START GROUP
LOAD /Applications/STM32CubeIDE.app/Contents/Eclipse/plugins/com.st.stm32cube.ide.mcu.externaltools.gnu-tools-for-stm32.10.3-2021.10.macos64_1.0.200.202301161003/tools/bin/../lib/gcc/arm-none-eabi/10.3.1/thumb/v7e-m+fp/hard/libgcc.a
LOAD /Applications/STM32CubeIDE.app/Contents/Eclipse/plugins/com.st.stm32cube.ide.mcu.externaltools.gnu-tools-for-stm32.10.3-2021.10.macos64_1.0.200.202301161003/tools/bin/../lib/gcc/arm-none-eabi/10.3.1/../../../../arm-none-eabi/lib/thumb/v7e-m+fp/hard/libc_nano.a
END GROUP
START GROUP
LOAD /Applications/STM32CubeIDE.app/Contents/Eclipse/plugins/com.st.stm32cube.ide.mcu.externaltools.gnu-tools-for-stm32.10.3-2021.10.macos64_1.0.200.202301161003/tools/bin/../lib/gcc/arm-none-eabi/10.3.1/thumb/v7e-m+fp/hard/libgcc.a
LOAD /Applications/STM32CubeIDE.app/Contents/Eclipse/plugins/com.st.stm32cube.ide.mcu.externaltools.gnu-tools-for-stm32.10.3-2021.10.macos64_1.0.200.202301161003/tools/bin/../lib/gcc/arm-none-eabi/10.3.1/../../../../arm-none-eabi/lib/thumb/v7e-m+fp/hard/libc_nano.a
LOAD /Applications/STM32CubeIDE.app/Contents/Eclipse/plugins/com.st.stm32cube.ide.mcu.externaltools.gnu-tools-for-stm32.10.3-2021.10.macos64_1.0.200.202301161003/tools/bin/../lib/gcc/arm-none-eabi/10.3.1/../../../../arm-none-eabi/lib/thumb/v7e-m+fp/hard/libnosys.a
END GROUP
START GROUP
LOAD /Applications/STM32CubeIDE.app/Contents/Eclipse/plugins/com.st.stm32cube.ide.mcu.externaltools.gnu-tools-for-stm32.10.3-2021.10.macos64_1.0.200.202301161003/tools/bin/../lib/gcc/arm-none-eabi/10.3.1/thumb/v7e-m+fp/hard/libgcc.a
LOAD /Applications/STM32CubeIDE.app/Contents/Eclipse/plugins/com.st.stm32cube.ide.mcu.externaltools.gnu-tools-for-stm32.10.3-2021.10.macos64_1.0.200.202301161003/tools/bin/../lib/gcc/arm-none-eabi/10.3.1/../../../../arm-none-eabi/lib/thumb/v7e-m+fp/hard/libc_nano.a
LOAD /Applications/STM32CubeIDE.app/Contents/Eclipse/plugins/com.st.stm32cube.ide.mcu.externaltools.gnu-tools-for-stm32.10.3-2021.10.macos64_1.0.200.202301161003/tools/bin/../lib/gcc/arm-none-eabi/10.3.1/../../../../arm-none-eabi/lib/thumb/v7e-m+fp/hard/libnosys.a
END GROUP
LOAD /Applications/STM32CubeIDE.app/Contents/Eclipse/plugins/com.st.stm32cube.ide.mcu.externaltools.gnu-tools-for-stm32.10.3-2021.10.macos64_1.0.200.202301161003/tools/bin/../lib/gcc/arm-none-eabi/10.3.1/thumb/v7e-m+fp/hard/crtend.o
LOAD /Applications/STM32CubeIDE.app/Contents/Eclipse/plugins/com.st.stm32cube.ide.mcu.externaltools.gnu-tools-for-stm32.10.3-2021.10.macos64_1.0.200.202301161003/tools/bin/../lib/gcc/arm-none-eabi/10.3.1/thumb/v7e-m+fp/hard/crtn.o
                0x0000000020020000                _estack = (ORIGIN (RAM) + LENGTH (RAM))
                0x0000000000000200                _Min_Heap_Size = 0x200
                0x0000000000000400                _Min_Stack_Size = 0x400

.isr_vector     0x0000000008000000      0x198
                0x0000000008000000                . = ALIGN (0x4)
 *(.isr_vector)
 .isr_vector    0x0000000008000000      0x198 ./Core/Startup/startup_stm32f411retx.o
                0x0000000008000000                g_pfnVectors
                0x0000000008000198                . = ALIGN (0x4)

.text           0x0000000008000198     0x3ee4
                0x0000000008000198                . = ALIGN (0x4)
 *(.text)
 .text          0x0000000008000198       0x40 /Applications/STM32CubeIDE.app/Contents/Eclipse/plugins/com.st.stm32cube.ide.mcu.externaltools.gnu-tools-for-stm32.10.3-2021.10.macos64_1.0.200.202301161003/tools/bin/../lib/gcc/arm-none-eabi/10.3.1/thumb/v7e-m+fp/hard/crtbegin.o
 .text          0x00000000080001d8       0x14 /Applications/STM32CubeIDE.app/Contents/Eclipse/plugins/com.st.stm32cube.ide.mcu.externaltools.gnu-tools-for-stm32.10.3-2021.10.macos64_1.0.200.202301161003/tools/bin/../lib/gcc/arm-none-eabi/10.3.1/../../../../arm-none-eabi/lib/thumb/v7e-m+fp/hard/libc_nano.a(lib_a-strcmp.o)
                0x00000000080001d8                strcmp
 .text          0x00000000080001ec       0x30 /Applications/STM32CubeIDE.app/Contents/Eclipse/plugins/com.st.stm32cube.ide.mcu.externaltools.gnu-tools-for-stm32.10.3-2021.10.macos64_1.0.200.202301161003/tools/bin/../lib/gcc/arm-none-eabi/10.3.1/thumb/v7e-m+fp/hard/libgcc.a(_aeabi_uldivmod.o)
                0x00000000080001ec                __aeabi_uldivmod
 .text          0x000000000800021c      0x2d0 /Applications/STM32CubeIDE.app/Contents/Eclipse/plugins/com.st.stm32cube.ide.mcu.externaltools.gnu-tools-for-stm32.10.3-2021.10.macos64_1.0.200.202301161003/tools/bin/../lib/gcc/arm-none-eabi/10.3.1/thumb/v7e-m+fp/hard/libgcc.a(_udivmoddi4.o)
                0x000000000800021c                __udivmoddi4
 .text          0x00000000080004ec        0x4 /Applications/STM32CubeIDE.app/Contents/Eclipse/plugins/com.st.stm32cube.ide.mcu.externaltools.gnu-tools-for-stm32.10.3-2021.10.macos64_1.0.200.202301161003/tools/bin/../lib/gcc/arm-none-eabi/10.3.1/thumb/v7e-m+fp/hard/libgcc.a(_dvmd_tls.o)
                0x00000000080004ec                __aeabi_ldiv0
                0x00000000080004ec                __aeabi_idiv0
 *(.text*)
 .text.HAL_UART_RxCpltCallback
                0x00000000080004f0       0x30 ./Core/Src/main.o
                0x00000000080004f0                HAL_UART_RxCpltCallback
 .text.main     0x0000000008000520       0x58 ./Core/Src/main.o
                0x0000000008000520                main
 .text.SystemClock_Config
                0x0000000008000578       0xd4 ./Core/Src/main.o
                0x0000000008000578                SystemClock_Config
 .text.MX_TIM2_Init
                0x000000000800064c       0xe0 ./Core/Src/main.o
 .text.MX_TIM4_Init
                0x000000000800072c       0x9c ./Core/Src/main.o
 .text.MX_USART1_UART_Init
                0x00000000080007c8       0x54 ./Core/Src/main.o
 .text.MX_USART2_UART_Init
                0x000000000800081c       0x54 ./Core/Src/main.o
 .text.MX_GPIO_Init
                0x0000000008000870      0x10c ./Core/Src/main.o
 .text.usDelay  0x000000000800097c       0x64 ./Core/Src/main.o
                0x000000000800097c                usDelay
 .text.HAL_TIM_IC_CaptureCallback
                0x00000000080009e0       0x6c ./Core/Src/main.o
                0x00000000080009e0                HAL_TIM_IC_CaptureCallback
 .text.calculateDistance
                0x0000000008000a4c      0x114 ./Core/Src/main.o
                0x0000000008000a4c                calculateDistance
 .text.checkState
                0x0000000008000b60      0x138 ./Core/Src/main.o
                0x0000000008000b60                checkState
 .text.Error_Handler
                0x0000000008000c98        0xa ./Core/Src/main.o
                0x0000000008000c98                Error_Handler
 *fill*         0x0000000008000ca2        0x2 
 .text.HAL_MspInit
                0x0000000008000ca4       0x50 ./Core/Src/stm32f4xx_hal_msp.o
                0x0000000008000ca4                HAL_MspInit
 .text.HAL_TIM_Base_MspInit
                0x0000000008000cf4       0xc8 ./Core/Src/stm32f4xx_hal_msp.o
                0x0000000008000cf4                HAL_TIM_Base_MspInit
 .text.HAL_UART_MspInit
                0x0000000008000dbc      0x108 ./Core/Src/stm32f4xx_hal_msp.o
                0x0000000008000dbc                HAL_UART_MspInit
 .text.NMI_Handler
                0x0000000008000ec4        0x6 ./Core/Src/stm32f4xx_it.o
                0x0000000008000ec4                NMI_Handler
 .text.HardFault_Handler
                0x0000000008000eca        0x6 ./Core/Src/stm32f4xx_it.o
                0x0000000008000eca                HardFault_Handler
 .text.MemManage_Handler
                0x0000000008000ed0        0x6 ./Core/Src/stm32f4xx_it.o
                0x0000000008000ed0                MemManage_Handler
 .text.BusFault_Handler
                0x0000000008000ed6        0x6 ./Core/Src/stm32f4xx_it.o
                0x0000000008000ed6                BusFault_Handler
 .text.UsageFault_Handler
                0x0000000008000edc        0x6 ./Core/Src/stm32f4xx_it.o
                0x0000000008000edc                UsageFault_Handler
 .text.SVC_Handler
                0x0000000008000ee2        0xe ./Core/Src/stm32f4xx_it.o
                0x0000000008000ee2                SVC_Handler
 .text.DebugMon_Handler
                0x0000000008000ef0        0xe ./Core/Src/stm32f4xx_it.o
                0x0000000008000ef0                DebugMon_Handler
 .text.PendSV_Handler
                0x0000000008000efe        0xe ./Core/Src/stm32f4xx_it.o
                0x0000000008000efe                PendSV_Handler
 .text.SysTick_Handler
                0x0000000008000f0c        0xc ./Core/Src/stm32f4xx_it.o
                0x0000000008000f0c                SysTick_Handler
 .text.TIM2_IRQHandler
                0x0000000008000f18       0x14 ./Core/Src/stm32f4xx_it.o
                0x0000000008000f18                TIM2_IRQHandler
 .text.USART1_IRQHandler
                0x0000000008000f2c       0x14 ./Core/Src/stm32f4xx_it.o
                0x0000000008000f2c                USART1_IRQHandler
 .text.SystemInit
                0x0000000008000f40       0x24 ./Core/Src/system_stm32f4xx.o
                0x0000000008000f40                SystemInit
 .text.Reset_Handler
                0x0000000008000f64       0x50 ./Core/Startup/startup_stm32f411retx.o
                0x0000000008000f64                Reset_Handler
 .text.Default_Handler
                0x0000000008000fb4        0x2 ./Core/Startup/startup_stm32f411retx.o
                0x0000000008000fb4                DMA1_Stream3_IRQHandler
                0x0000000008000fb4                EXTI2_IRQHandler
                0x0000000008000fb4                SPI4_IRQHandler
                0x0000000008000fb4                TIM1_CC_IRQHandler
                0x0000000008000fb4                DMA2_Stream5_IRQHandler
                0x0000000008000fb4                DMA1_Stream5_IRQHandler
                0x0000000008000fb4                PVD_IRQHandler
                0x0000000008000fb4                SDIO_IRQHandler
                0x0000000008000fb4                TAMP_STAMP_IRQHandler
                0x0000000008000fb4                EXTI3_IRQHandler
                0x0000000008000fb4                TIM1_UP_TIM10_IRQHandler
                0x0000000008000fb4                I2C3_ER_IRQHandler
                0x0000000008000fb4                EXTI0_IRQHandler
                0x0000000008000fb4                I2C2_EV_IRQHandler
                0x0000000008000fb4                DMA1_Stream2_IRQHandler
                0x0000000008000fb4                FPU_IRQHandler
                0x0000000008000fb4                DMA2_Stream2_IRQHandler
                0x0000000008000fb4                SPI1_IRQHandler
                0x0000000008000fb4                TIM1_BRK_TIM9_IRQHandler
                0x0000000008000fb4                DMA2_Stream3_IRQHandler
                0x0000000008000fb4                USART6_IRQHandler
                0x0000000008000fb4                DMA2_Stream0_IRQHandler
                0x0000000008000fb4                TIM4_IRQHandler
                0x0000000008000fb4                I2C1_EV_IRQHandler
                0x0000000008000fb4                DMA1_Stream6_IRQHandler
                0x0000000008000fb4                DMA1_Stream1_IRQHandler
                0x0000000008000fb4                TIM3_IRQHandler
                0x0000000008000fb4                RCC_IRQHandler
                0x0000000008000fb4                Default_Handler
                0x0000000008000fb4                EXTI15_10_IRQHandler
                0x0000000008000fb4                ADC_IRQHandler
                0x0000000008000fb4                DMA1_Stream7_IRQHandler
                0x0000000008000fb4                SPI5_IRQHandler
                0x0000000008000fb4                TIM5_IRQHandler
                0x0000000008000fb4                DMA2_Stream7_IRQHandler
                0x0000000008000fb4                I2C3_EV_IRQHandler
                0x0000000008000fb4                EXTI9_5_IRQHandler
                0x0000000008000fb4                RTC_WKUP_IRQHandler
                0x0000000008000fb4                SPI2_IRQHandler
                0x0000000008000fb4                DMA1_Stream0_IRQHandler
                0x0000000008000fb4                EXTI4_IRQHandler
                0x0000000008000fb4                WWDG_IRQHandler
                0x0000000008000fb4                OTG_FS_WKUP_IRQHandler
                0x0000000008000fb4                TIM1_TRG_COM_TIM11_IRQHandler
                0x0000000008000fb4                EXTI1_IRQHandler
                0x0000000008000fb4                USART2_IRQHandler
                0x0000000008000fb4                I2C2_ER_IRQHandler
                0x0000000008000fb4                DMA2_Stream1_IRQHandler
                0x0000000008000fb4                FLASH_IRQHandler
                0x0000000008000fb4                DMA2_Stream4_IRQHandler
                0x0000000008000fb4                OTG_FS_IRQHandler
                0x0000000008000fb4                SPI3_IRQHandler
                0x0000000008000fb4                DMA1_Stream4_IRQHandler
                0x0000000008000fb4                I2C1_ER_IRQHandler
                0x0000000008000fb4                DMA2_Stream6_IRQHandler
                0x0000000008000fb4                RTC_Alarm_IRQHandler
 *fill*         0x0000000008000fb6        0x2 
 .text.HAL_Init
                0x0000000008000fb8       0x44 ./Drivers/STM32F4xx_HAL_Driver/Src/stm32f4xx_hal.o
                0x0000000008000fb8                HAL_Init
 .text.HAL_InitTick
                0x0000000008000ffc       0x60 ./Drivers/STM32F4xx_HAL_Driver/Src/stm32f4xx_hal.o
                0x0000000008000ffc                HAL_InitTick
 .text.HAL_IncTick
                0x000000000800105c       0x28 ./Drivers/STM32F4xx_HAL_Driver/Src/stm32f4xx_hal.o
                0x000000000800105c                HAL_IncTick
 .text.HAL_GetTick
                0x0000000008001084       0x18 ./Drivers/STM32F4xx_HAL_Driver/Src/stm32f4xx_hal.o
                0x0000000008001084                HAL_GetTick
 .text.HAL_Delay
                0x000000000800109c       0x48 ./Drivers/STM32F4xx_HAL_Driver/Src/stm32f4xx_hal.o
                0x000000000800109c                HAL_Delay
 .text.__NVIC_SetPriorityGrouping
                0x00000000080010e4       0x48 ./Drivers/STM32F4xx_HAL_Driver/Src/stm32f4xx_hal_cortex.o
 .text.__NVIC_GetPriorityGrouping
                0x000000000800112c       0x1c ./Drivers/STM32F4xx_HAL_Driver/Src/stm32f4xx_hal_cortex.o
 .text.__NVIC_EnableIRQ
                0x0000000008001148       0x3c ./Drivers/STM32F4xx_HAL_Driver/Src/stm32f4xx_hal_cortex.o
 .text.__NVIC_SetPriority
                0x0000000008001184       0x54 ./Drivers/STM32F4xx_HAL_Driver/Src/stm32f4xx_hal_cortex.o
 .text.NVIC_EncodePriority
                0x00000000080011d8       0x66 ./Drivers/STM32F4xx_HAL_Driver/Src/stm32f4xx_hal_cortex.o
 *fill*         0x000000000800123e        0x2 
 .text.SysTick_Config
                0x0000000008001240       0x44 ./Drivers/STM32F4xx_HAL_Driver/Src/stm32f4xx_hal_cortex.o
 .text.HAL_NVIC_SetPriorityGrouping
                0x0000000008001284       0x16 ./Drivers/STM32F4xx_HAL_Driver/Src/stm32f4xx_hal_cortex.o
                0x0000000008001284                HAL_NVIC_SetPriorityGrouping
 .text.HAL_NVIC_SetPriority
                0x000000000800129a       0x38 ./Drivers/STM32F4xx_HAL_Driver/Src/stm32f4xx_hal_cortex.o
                0x000000000800129a                HAL_NVIC_SetPriority
 .text.HAL_NVIC_EnableIRQ
                0x00000000080012d2       0x1c ./Drivers/STM32F4xx_HAL_Driver/Src/stm32f4xx_hal_cortex.o
                0x00000000080012d2                HAL_NVIC_EnableIRQ
 .text.HAL_SYSTICK_Config
                0x00000000080012ee       0x18 ./Drivers/STM32F4xx_HAL_Driver/Src/stm32f4xx_hal_cortex.o
                0x00000000080012ee                HAL_SYSTICK_Config
 .text.HAL_DMA_Abort
                0x0000000008001306       0xe0 ./Drivers/STM32F4xx_HAL_Driver/Src/stm32f4xx_hal_dma.o
                0x0000000008001306                HAL_DMA_Abort
 .text.HAL_DMA_Abort_IT
                0x00000000080013e6       0x44 ./Drivers/STM32F4xx_HAL_Driver/Src/stm32f4xx_hal_dma.o
                0x00000000080013e6                HAL_DMA_Abort_IT
 *fill*         0x000000000800142a        0x2 
 .text.HAL_GPIO_Init
                0x000000000800142c      0x308 ./Drivers/STM32F4xx_HAL_Driver/Src/stm32f4xx_hal_gpio.o
                0x000000000800142c                HAL_GPIO_Init
 .text.HAL_GPIO_WritePin
                0x0000000008001734       0x32 ./Drivers/STM32F4xx_HAL_Driver/Src/stm32f4xx_hal_gpio.o
                0x0000000008001734                HAL_GPIO_WritePin
 .text.HAL_GPIO_TogglePin
                0x0000000008001766       0x34 ./Drivers/STM32F4xx_HAL_Driver/Src/stm32f4xx_hal_gpio.o
                0x0000000008001766                HAL_GPIO_TogglePin
 *fill*         0x000000000800179a        0x2 
 .text.HAL_RCC_OscConfig
                0x000000000800179c      0x4f0 ./Drivers/STM32F4xx_HAL_Driver/Src/stm32f4xx_hal_rcc.o
                0x000000000800179c                HAL_RCC_OscConfig
 .text.HAL_RCC_ClockConfig
                0x0000000008001c8c      0x1cc ./Drivers/STM32F4xx_HAL_Driver/Src/stm32f4xx_hal_rcc.o
                0x0000000008001c8c                HAL_RCC_ClockConfig
 .text.HAL_RCC_GetSysClockFreq
                0x0000000008001e58      0x20c ./Drivers/STM32F4xx_HAL_Driver/Src/stm32f4xx_hal_rcc.o
                0x0000000008001e58                HAL_RCC_GetSysClockFreq
 .text.HAL_RCC_GetHCLKFreq
                0x0000000008002064       0x18 ./Drivers/STM32F4xx_HAL_Driver/Src/stm32f4xx_hal_rcc.o
                0x0000000008002064                HAL_RCC_GetHCLKFreq
 .text.HAL_RCC_GetPCLK1Freq
                0x000000000800207c       0x28 ./Drivers/STM32F4xx_HAL_Driver/Src/stm32f4xx_hal_rcc.o
                0x000000000800207c                HAL_RCC_GetPCLK1Freq
 .text.HAL_RCC_GetPCLK2Freq
                0x00000000080020a4       0x28 ./Drivers/STM32F4xx_HAL_Driver/Src/stm32f4xx_hal_rcc.o
                0x00000000080020a4                HAL_RCC_GetPCLK2Freq
 .text.HAL_TIM_Base_Init
                0x00000000080020cc       0x9e ./Drivers/STM32F4xx_HAL_Driver/Src/stm32f4xx_hal_tim.o
                0x00000000080020cc                HAL_TIM_Base_Init
 .text.HAL_TIM_IC_Init
                0x000000000800216a       0x9e ./Drivers/STM32F4xx_HAL_Driver/Src/stm32f4xx_hal_tim.o
                0x000000000800216a                HAL_TIM_IC_Init
 .text.HAL_TIM_IC_MspInit
                0x0000000008002208       0x14 ./Drivers/STM32F4xx_HAL_Driver/Src/stm32f4xx_hal_tim.o
                0x0000000008002208                HAL_TIM_IC_MspInit
 .text.HAL_TIM_IC_Start_IT
                0x000000000800221c      0x234 ./Drivers/STM32F4xx_HAL_Driver/Src/stm32f4xx_hal_tim.o
                0x000000000800221c                HAL_TIM_IC_Start_IT
 .text.HAL_TIM_IC_Stop_IT
                0x0000000008002450      0x15c ./Drivers/STM32F4xx_HAL_Driver/Src/stm32f4xx_hal_tim.o
                0x0000000008002450                HAL_TIM_IC_Stop_IT
 .text.HAL_TIM_IRQHandler
                0x00000000080025ac      0x210 ./Drivers/STM32F4xx_HAL_Driver/Src/stm32f4xx_hal_tim.o
                0x00000000080025ac                HAL_TIM_IRQHandler
 .text.HAL_TIM_IC_ConfigChannel
                0x00000000080027bc      0x138 ./Drivers/STM32F4xx_HAL_Driver/Src/stm32f4xx_hal_tim.o
                0x00000000080027bc                HAL_TIM_IC_ConfigChannel
 .text.HAL_TIM_ConfigClockSource
                0x00000000080028f4      0x18e ./Drivers/STM32F4xx_HAL_Driver/Src/stm32f4xx_hal_tim.o
                0x00000000080028f4                HAL_TIM_ConfigClockSource
 *fill*         0x0000000008002a82        0x2 
 .text.HAL_TIM_ReadCapturedValue
                0x0000000008002a84       0x88 ./Drivers/STM32F4xx_HAL_Driver/Src/stm32f4xx_hal_tim.o
                0x0000000008002a84                HAL_TIM_ReadCapturedValue
 .text.HAL_TIM_PeriodElapsedCallback
                0x0000000008002b0c       0x14 ./Drivers/STM32F4xx_HAL_Driver/Src/stm32f4xx_hal_tim.o
                0x0000000008002b0c                HAL_TIM_PeriodElapsedCallback
 .text.HAL_TIM_OC_DelayElapsedCallback
                0x0000000008002b20       0x14 ./Drivers/STM32F4xx_HAL_Driver/Src/stm32f4xx_hal_tim.o
                0x0000000008002b20                HAL_TIM_OC_DelayElapsedCallback
 .text.HAL_TIM_PWM_PulseFinishedCallback
                0x0000000008002b34       0x14 ./Drivers/STM32F4xx_HAL_Driver/Src/stm32f4xx_hal_tim.o
                0x0000000008002b34                HAL_TIM_PWM_PulseFinishedCallback
 .text.HAL_TIM_TriggerCallback
                0x0000000008002b48       0x14 ./Drivers/STM32F4xx_HAL_Driver/Src/stm32f4xx_hal_tim.o
                0x0000000008002b48                HAL_TIM_TriggerCallback
 .text.TIM_Base_SetConfig
                0x0000000008002b5c      0x100 ./Drivers/STM32F4xx_HAL_Driver/Src/stm32f4xx_hal_tim.o
                0x0000000008002b5c                TIM_Base_SetConfig
 .text.TIM_TI1_SetConfig
                0x0000000008002c5c       0xd0 ./Drivers/STM32F4xx_HAL_Driver/Src/stm32f4xx_hal_tim.o
                0x0000000008002c5c                TIM_TI1_SetConfig
 .text.TIM_TI1_ConfigInputStage
                0x0000000008002d2c       0x5e ./Drivers/STM32F4xx_HAL_Driver/Src/stm32f4xx_hal_tim.o
 .text.TIM_TI2_SetConfig
                0x0000000008002d8a       0x7a ./Drivers/STM32F4xx_HAL_Driver/Src/stm32f4xx_hal_tim.o
 .text.TIM_TI2_ConfigInputStage
                0x0000000008002e04       0x60 ./Drivers/STM32F4xx_HAL_Driver/Src/stm32f4xx_hal_tim.o
 .text.TIM_TI3_SetConfig
                0x0000000008002e64       0x78 ./Drivers/STM32F4xx_HAL_Driver/Src/stm32f4xx_hal_tim.o
 .text.TIM_TI4_SetConfig
                0x0000000008002edc       0x7a ./Drivers/STM32F4xx_HAL_Driver/Src/stm32f4xx_hal_tim.o
 .text.TIM_ITRx_SetConfig
                0x0000000008002f56       0x36 ./Drivers/STM32F4xx_HAL_Driver/Src/stm32f4xx_hal_tim.o
 .text.TIM_ETR_SetConfig
                0x0000000008002f8c       0x40 ./Drivers/STM32F4xx_HAL_Driver/Src/stm32f4xx_hal_tim.o
                0x0000000008002f8c                TIM_ETR_SetConfig
 .text.TIM_CCxChannelCmd
                0x0000000008002fcc       0x4a ./Drivers/STM32F4xx_HAL_Driver/Src/stm32f4xx_hal_tim.o
                0x0000000008002fcc                TIM_CCxChannelCmd
 *fill*         0x0000000008003016        0x2 
 .text.HAL_TIMEx_MasterConfigSynchronization
                0x0000000008003018       0xdc ./Drivers/STM32F4xx_HAL_Driver/Src/stm32f4xx_hal_tim_ex.o
                0x0000000008003018                HAL_TIMEx_MasterConfigSynchronization
 .text.HAL_TIMEx_CommutCallback
                0x00000000080030f4       0x14 ./Drivers/STM32F4xx_HAL_Driver/Src/stm32f4xx_hal_tim_ex.o
                0x00000000080030f4                HAL_TIMEx_CommutCallback
 .text.HAL_TIMEx_BreakCallback
                0x0000000008003108       0x14 ./Drivers/STM32F4xx_HAL_Driver/Src/stm32f4xx_hal_tim_ex.o
                0x0000000008003108                HAL_TIMEx_BreakCallback
 .text.HAL_UART_Init
                0x000000000800311c       0x9a ./Drivers/STM32F4xx_HAL_Driver/Src/stm32f4xx_hal_uart.o
                0x000000000800311c                HAL_UART_Init
 .text.HAL_UART_Receive_IT
                0x00000000080031b6       0x60 ./Drivers/STM32F4xx_HAL_Driver/Src/stm32f4xx_hal_uart.o
                0x00000000080031b6                HAL_UART_Receive_IT
 *fill*         0x0000000008003216        0x2 
 .text.HAL_UART_IRQHandler
                0x0000000008003218      0x51c ./Drivers/STM32F4xx_HAL_Driver/Src/stm32f4xx_hal_uart.o
                0x0000000008003218                HAL_UART_IRQHandler
 .text.HAL_UART_TxCpltCallback
                0x0000000008003734       0x14 ./Drivers/STM32F4xx_HAL_Driver/Src/stm32f4xx_hal_uart.o
                0x0000000008003734                HAL_UART_TxCpltCallback
 .text.HAL_UART_ErrorCallback
                0x0000000008003748       0x14 ./Drivers/STM32F4xx_HAL_Driver/Src/stm32f4xx_hal_uart.o
                0x0000000008003748                HAL_UART_ErrorCallback
 .text.HAL_UARTEx_RxEventCallback
                0x000000000800375c       0x18 ./Drivers/STM32F4xx_HAL_Driver/Src/stm32f4xx_hal_uart.o
                0x000000000800375c                HAL_UARTEx_RxEventCallback
 .text.UART_Start_Receive_IT
                0x0000000008003774       0x7c ./Drivers/STM32F4xx_HAL_Driver/Src/stm32f4xx_hal_uart.o
                0x0000000008003774                UART_Start_Receive_IT
 .text.UART_EndRxTransfer
                0x00000000080037f0       0xc6 ./Drivers/STM32F4xx_HAL_Driver/Src/stm32f4xx_hal_uart.o
 .text.UART_DMAAbortOnError
                0x00000000080038b6       0x28 ./Drivers/STM32F4xx_HAL_Driver/Src/stm32f4xx_hal_uart.o
 .text.UART_Transmit_IT
                0x00000000080038de       0xa0 ./Drivers/STM32F4xx_HAL_Driver/Src/stm32f4xx_hal_uart.o
 .text.UART_EndTransmit_IT
                0x000000000800397e       0x30 ./Drivers/STM32F4xx_HAL_Driver/Src/stm32f4xx_hal_uart.o
 .text.UART_Receive_IT
                0x00000000080039ae      0x176 ./Drivers/STM32F4xx_HAL_Driver/Src/stm32f4xx_hal_uart.o
 .text.UART_SetConfig
                0x0000000008003b24      0x4e8 ./Drivers/STM32F4xx_HAL_Driver/Src/stm32f4xx_hal_uart.o
 .text.__libc_init_array
                0x000000000800400c       0x48 /Applications/STM32CubeIDE.app/Contents/Eclipse/plugins/com.st.stm32cube.ide.mcu.externaltools.gnu-tools-for-stm32.10.3-2021.10.macos64_1.0.200.202301161003/tools/bin/../lib/gcc/arm-none-eabi/10.3.1/../../../../arm-none-eabi/lib/thumb/v7e-m+fp/hard/libc_nano.a(lib_a-init.o)
                0x000000000800400c                __libc_init_array
 .text.memset   0x0000000008004054       0x10 /Applications/STM32CubeIDE.app/Contents/Eclipse/plugins/com.st.stm32cube.ide.mcu.externaltools.gnu-tools-for-stm32.10.3-2021.10.macos64_1.0.200.202301161003/tools/bin/../lib/gcc/arm-none-eabi/10.3.1/../../../../arm-none-eabi/lib/thumb/v7e-m+fp/hard/libc_nano.a(lib_a-memset.o)
                0x0000000008004054                memset
 *(.glue_7)
 .glue_7        0x0000000008004064        0x0 linker stubs
 *(.glue_7t)
 .glue_7t       0x0000000008004064        0x0 linker stubs
 *(.eh_frame)
 .eh_frame      0x0000000008004064        0x0 /Applications/STM32CubeIDE.app/Contents/Eclipse/plugins/com.st.stm32cube.ide.mcu.externaltools.gnu-tools-for-stm32.10.3-2021.10.macos64_1.0.200.202301161003/tools/bin/../lib/gcc/arm-none-eabi/10.3.1/thumb/v7e-m+fp/hard/crtbegin.o
 *(.init)
 .init          0x0000000008004064        0x4 /Applications/STM32CubeIDE.app/Contents/Eclipse/plugins/com.st.stm32cube.ide.mcu.externaltools.gnu-tools-for-stm32.10.3-2021.10.macos64_1.0.200.202301161003/tools/bin/../lib/gcc/arm-none-eabi/10.3.1/thumb/v7e-m+fp/hard/crti.o
                0x0000000008004064                _init
 .init          0x0000000008004068        0x8 /Applications/STM32CubeIDE.app/Contents/Eclipse/plugins/com.st.stm32cube.ide.mcu.externaltools.gnu-tools-for-stm32.10.3-2021.10.macos64_1.0.200.202301161003/tools/bin/../lib/gcc/arm-none-eabi/10.3.1/thumb/v7e-m+fp/hard/crtn.o
 *(.fini)
 .fini          0x0000000008004070        0x4 /Applications/STM32CubeIDE.app/Contents/Eclipse/plugins/com.st.stm32cube.ide.mcu.externaltools.gnu-tools-for-stm32.10.3-2021.10.macos64_1.0.200.202301161003/tools/bin/../lib/gcc/arm-none-eabi/10.3.1/thumb/v7e-m+fp/hard/crti.o
                0x0000000008004070                _fini
 .fini          0x0000000008004074        0x8 /Applications/STM32CubeIDE.app/Contents/Eclipse/plugins/com.st.stm32cube.ide.mcu.externaltools.gnu-tools-for-stm32.10.3-2021.10.macos64_1.0.200.202301161003/tools/bin/../lib/gcc/arm-none-eabi/10.3.1/thumb/v7e-m+fp/hard/crtn.o
                0x000000000800407c                . = ALIGN (0x4)
                0x000000000800407c                _etext = .

.vfp11_veneer   0x000000000800407c        0x0
 .vfp11_veneer  0x000000000800407c        0x0 linker stubs

.v4_bx          0x000000000800407c        0x0
 .v4_bx         0x000000000800407c        0x0 linker stubs

.iplt           0x000000000800407c        0x0
 .iplt          0x000000000800407c        0x0 /Applications/STM32CubeIDE.app/Contents/Eclipse/plugins/com.st.stm32cube.ide.mcu.externaltools.gnu-tools-for-stm32.10.3-2021.10.macos64_1.0.200.202301161003/tools/bin/../lib/gcc/arm-none-eabi/10.3.1/thumb/v7e-m+fp/hard/crtbegin.o

.rodata         0x000000000800407c       0x18
                0x000000000800407c                . = ALIGN (0x4)
 *(.rodata)
 *(.rodata*)
 .rodata.AHBPrescTable
                0x000000000800407c       0x10 ./Core/Src/system_stm32f4xx.o
                0x000000000800407c                AHBPrescTable
 .rodata.APBPrescTable
                0x000000000800408c        0x8 ./Core/Src/system_stm32f4xx.o
                0x000000000800408c                APBPrescTable
                0x0000000008004094                . = ALIGN (0x4)

.ARM.extab      0x0000000008004094        0x0
                0x0000000008004094                . = ALIGN (0x4)
 *(.ARM.extab* .gnu.linkonce.armextab.*)
                0x0000000008004094                . = ALIGN (0x4)

.ARM            0x0000000008004094        0x8
                0x0000000008004094                . = ALIGN (0x4)
                0x0000000008004094                __exidx_start = .
 *(.ARM.exidx*)
 .ARM.exidx     0x0000000008004094        0x8 /Applications/STM32CubeIDE.app/Contents/Eclipse/plugins/com.st.stm32cube.ide.mcu.externaltools.gnu-tools-for-stm32.10.3-2021.10.macos64_1.0.200.202301161003/tools/bin/../lib/gcc/arm-none-eabi/10.3.1/thumb/v7e-m+fp/hard/libgcc.a(_udivmoddi4.o)
                0x000000000800409c                __exidx_end = .
                0x000000000800409c                . = ALIGN (0x4)

.rel.dyn        0x000000000800409c        0x0
 .rel.iplt      0x000000000800409c        0x0 /Applications/STM32CubeIDE.app/Contents/Eclipse/plugins/com.st.stm32cube.ide.mcu.externaltools.gnu-tools-for-stm32.10.3-2021.10.macos64_1.0.200.202301161003/tools/bin/../lib/gcc/arm-none-eabi/10.3.1/thumb/v7e-m+fp/hard/crtbegin.o

.preinit_array  0x000000000800409c        0x0
                0x000000000800409c                . = ALIGN (0x4)
                0x000000000800409c                PROVIDE (__preinit_array_start = .)
 *(.preinit_array*)
                0x000000000800409c                PROVIDE (__preinit_array_end = .)
                0x000000000800409c                . = ALIGN (0x4)

.init_array     0x000000000800409c        0x4
                0x000000000800409c                . = ALIGN (0x4)
                0x000000000800409c                PROVIDE (__init_array_start = .)
 *(SORT_BY_NAME(.init_array.*))
 *(.init_array*)
 .init_array    0x000000000800409c        0x4 /Applications/STM32CubeIDE.app/Contents/Eclipse/plugins/com.st.stm32cube.ide.mcu.externaltools.gnu-tools-for-stm32.10.3-2021.10.macos64_1.0.200.202301161003/tools/bin/../lib/gcc/arm-none-eabi/10.3.1/thumb/v7e-m+fp/hard/crtbegin.o
                0x00000000080040a0                PROVIDE (__init_array_end = .)
                0x00000000080040a0                . = ALIGN (0x4)

.fini_array     0x00000000080040a0        0x4
                0x00000000080040a0                . = ALIGN (0x4)
                [!provide]                        PROVIDE (__fini_array_start = .)
 *(SORT_BY_NAME(.fini_array.*))
 *(.fini_array*)
 .fini_array    0x00000000080040a0        0x4 /Applications/STM32CubeIDE.app/Contents/Eclipse/plugins/com.st.stm32cube.ide.mcu.externaltools.gnu-tools-for-stm32.10.3-2021.10.macos64_1.0.200.202301161003/tools/bin/../lib/gcc/arm-none-eabi/10.3.1/thumb/v7e-m+fp/hard/crtbegin.o
                [!provide]                        PROVIDE (__fini_array_end = .)
                0x00000000080040a4                . = ALIGN (0x4)
                0x00000000080040a4                _sidata = LOADADDR (.data)

.data           0x0000000020000000       0x1c load address 0x00000000080040a4
                0x0000000020000000                . = ALIGN (0x4)
                0x0000000020000000                _sdata = .
 *(.data)
 *(.data*)
 .data.state0   0x0000000020000000        0x2 ./Core/Src/main.o
                0x0000000020000000                state0
 *fill*         0x0000000020000002        0x2 
 .data.state1   0x0000000020000004        0x2 ./Core/Src/main.o
                0x0000000020000004                state1
 *fill*         0x0000000020000006        0x2 
 .data.state2   0x0000000020000008        0x2 ./Core/Src/main.o
                0x0000000020000008                state2
 *fill*         0x000000002000000a        0x2 
 .data.state3   0x000000002000000c        0x2 ./Core/Src/main.o
                0x000000002000000c                state3
 *fill*         0x000000002000000e        0x2 
 .data.SystemCoreClock
                0x0000000020000010        0x4 ./Core/Src/system_stm32f4xx.o
                0x0000000020000010                SystemCoreClock
 .data.uwTickPrio
                0x0000000020000014        0x4 ./Drivers/STM32F4xx_HAL_Driver/Src/stm32f4xx_hal.o
                0x0000000020000014                uwTickPrio
 .data.uwTickFreq
                0x0000000020000018        0x1 ./Drivers/STM32F4xx_HAL_Driver/Src/stm32f4xx_hal.o
                0x0000000020000018                uwTickFreq
 *(.RamFunc)
 *(.RamFunc*)
                0x000000002000001c                . = ALIGN (0x4)
 *fill*         0x0000000020000019        0x3 
                0x000000002000001c                _edata = .

.igot.plt       0x000000002000001c        0x0 load address 0x00000000080040c0
 .igot.plt      0x000000002000001c        0x0 /Applications/STM32CubeIDE.app/Contents/Eclipse/plugins/com.st.stm32cube.ide.mcu.externaltools.gnu-tools-for-stm32.10.3-2021.10.macos64_1.0.200.202301161003/tools/bin/../lib/gcc/arm-none-eabi/10.3.1/thumb/v7e-m+fp/hard/crtbegin.o
                0x000000002000001c                . = ALIGN (0x4)

.bss            0x000000002000001c      0x158 load address 0x00000000080040c0
                0x000000002000001c                _sbss = .
                0x000000002000001c                __bss_start__ = _sbss
 *(.bss)
 .bss           0x000000002000001c       0x1c /Applications/STM32CubeIDE.app/Contents/Eclipse/plugins/com.st.stm32cube.ide.mcu.externaltools.gnu-tools-for-stm32.10.3-2021.10.macos64_1.0.200.202301161003/tools/bin/../lib/gcc/arm-none-eabi/10.3.1/thumb/v7e-m+fp/hard/crtbegin.o
 *(.bss*)
 .bss.htim2     0x0000000020000038       0x48 ./Core/Src/main.o
                0x0000000020000038                htim2
 .bss.htim4     0x0000000020000080       0x48 ./Core/Src/main.o
                0x0000000020000080                htim4
 .bss.huart1    0x00000000200000c8       0x44 ./Core/Src/main.o
                0x00000000200000c8                huart1
 .bss.huart2    0x000000002000010c       0x44 ./Core/Src/main.o
                0x000000002000010c                huart2
 .bss.Rx_data   0x0000000020000150        0x2 ./Core/Src/main.o
                0x0000000020000150                Rx_data
 .bss.icFlag    0x0000000020000152        0x1 ./Core/Src/main.o
                0x0000000020000152                icFlag
 .bss.captureIdx
                0x0000000020000153        0x1 ./Core/Src/main.o
                0x0000000020000153                captureIdx
 .bss.edge1Time
                0x0000000020000154        0x4 ./Core/Src/main.o
                0x0000000020000154                edge1Time
 .bss.edge2Time
                0x0000000020000158        0x4 ./Core/Src/main.o
                0x0000000020000158                edge2Time
 .bss.detect    0x000000002000015c        0x4 ./Core/Src/main.o
                0x000000002000015c                detect
 .bss.diffDistance
                0x0000000020000160        0x4 ./Core/Src/main.o
                0x0000000020000160                diffDistance
 .bss.distance  0x0000000020000164        0x4 ./Core/Src/main.o
                0x0000000020000164                distance
 .bss.distancePrev
                0x0000000020000168        0x4 ./Core/Src/main.o
                0x0000000020000168                distancePrev
 .bss.state     0x000000002000016c        0x2 ./Core/Src/main.o
                0x000000002000016c                state
 *fill*         0x000000002000016e        0x2 
 .bss.uwTick    0x0000000020000170        0x4 ./Drivers/STM32F4xx_HAL_Driver/Src/stm32f4xx_hal.o
                0x0000000020000170                uwTick
 *(COMMON)
                0x0000000020000174                . = ALIGN (0x4)
                0x0000000020000174                _ebss = .
                0x0000000020000174                __bss_end__ = _ebss

._user_heap_stack
                0x0000000020000174      0x604 load address 0x00000000080040c0
                0x0000000020000178                . = ALIGN (0x8)
 *fill*         0x0000000020000174        0x4 
                [!provide]                        PROVIDE (end = .)
                0x0000000020000178                PROVIDE (_end = .)
                0x0000000020000378                . = (. + _Min_Heap_Size)
 *fill*         0x0000000020000178      0x200 
                0x0000000020000778                . = (. + _Min_Stack_Size)
 *fill*         0x0000000020000378      0x400 
                0x0000000020000778                . = ALIGN (0x8)

/DISCARD/
 libc.a(*)
 libm.a(*)
 libgcc.a(*)

.ARM.attributes
                0x0000000000000000       0x30
 *(.ARM.attributes)
 .ARM.attributes
                0x0000000000000000       0x1e /Applications/STM32CubeIDE.app/Contents/Eclipse/plugins/com.st.stm32cube.ide.mcu.externaltools.gnu-tools-for-stm32.10.3-2021.10.macos64_1.0.200.202301161003/tools/bin/../lib/gcc/arm-none-eabi/10.3.1/thumb/v7e-m+fp/hard/crti.o
 .ARM.attributes
                0x000000000000001e       0x34 /Applications/STM32CubeIDE.app/Contents/Eclipse/plugins/com.st.stm32cube.ide.mcu.externaltools.gnu-tools-for-stm32.10.3-2021.10.macos64_1.0.200.202301161003/tools/bin/../lib/gcc/arm-none-eabi/10.3.1/thumb/v7e-m+fp/hard/crtbegin.o
 .ARM.attributes
                0x0000000000000052       0x34 ./Core/Src/main.o
 .ARM.attributes
                0x0000000000000086       0x34 ./Core/Src/stm32f4xx_hal_msp.o
 .ARM.attributes
                0x00000000000000ba       0x34 ./Core/Src/stm32f4xx_it.o
 .ARM.attributes
                0x00000000000000ee       0x34 ./Core/Src/system_stm32f4xx.o
 .ARM.attributes
                0x0000000000000122       0x21 ./Core/Startup/startup_stm32f411retx.o
 .ARM.attributes
                0x0000000000000143       0x34 ./Drivers/STM32F4xx_HAL_Driver/Src/stm32f4xx_hal.o
 .ARM.attributes
                0x0000000000000177       0x34 ./Drivers/STM32F4xx_HAL_Driver/Src/stm32f4xx_hal_cortex.o
 .ARM.attributes
                0x00000000000001ab       0x34 ./Drivers/STM32F4xx_HAL_Driver/Src/stm32f4xx_hal_dma.o
 .ARM.attributes
                0x00000000000001df       0x34 ./Drivers/STM32F4xx_HAL_Driver/Src/stm32f4xx_hal_gpio.o
 .ARM.attributes
                0x0000000000000213       0x34 ./Drivers/STM32F4xx_HAL_Driver/Src/stm32f4xx_hal_rcc.o
 .ARM.attributes
                0x0000000000000247       0x34 ./Drivers/STM32F4xx_HAL_Driver/Src/stm32f4xx_hal_tim.o
 .ARM.attributes
                0x000000000000027b       0x34 ./Drivers/STM32F4xx_HAL_Driver/Src/stm32f4xx_hal_tim_ex.o
 .ARM.attributes
                0x00000000000002af       0x34 ./Drivers/STM32F4xx_HAL_Driver/Src/stm32f4xx_hal_uart.o
 .ARM.attributes
                0x00000000000002e3       0x34 /Applications/STM32CubeIDE.app/Contents/Eclipse/plugins/com.st.stm32cube.ide.mcu.externaltools.gnu-tools-for-stm32.10.3-2021.10.macos64_1.0.200.202301161003/tools/bin/../lib/gcc/arm-none-eabi/10.3.1/../../../../arm-none-eabi/lib/thumb/v7e-m+fp/hard/libc_nano.a(lib_a-init.o)
 .ARM.attributes
                0x0000000000000317       0x34 /Applications/STM32CubeIDE.app/Contents/Eclipse/plugins/com.st.stm32cube.ide.mcu.externaltools.gnu-tools-for-stm32.10.3-2021.10.macos64_1.0.200.202301161003/tools/bin/../lib/gcc/arm-none-eabi/10.3.1/../../../../arm-none-eabi/lib/thumb/v7e-m+fp/hard/libc_nano.a(lib_a-memset.o)
 .ARM.attributes
                0x000000000000034b       0x1c /Applications/STM32CubeIDE.app/Contents/Eclipse/plugins/com.st.stm32cube.ide.mcu.externaltools.gnu-tools-for-stm32.10.3-2021.10.macos64_1.0.200.202301161003/tools/bin/../lib/gcc/arm-none-eabi/10.3.1/../../../../arm-none-eabi/lib/thumb/v7e-m+fp/hard/libc_nano.a(lib_a-strcmp.o)
 .ARM.attributes
                0x0000000000000367       0x1e /Applications/STM32CubeIDE.app/Contents/Eclipse/plugins/com.st.stm32cube.ide.mcu.externaltools.gnu-tools-for-stm32.10.3-2021.10.macos64_1.0.200.202301161003/tools/bin/../lib/gcc/arm-none-eabi/10.3.1/thumb/v7e-m+fp/hard/libgcc.a(_aeabi_uldivmod.o)
 .ARM.attributes
                0x0000000000000385       0x34 /Applications/STM32CubeIDE.app/Contents/Eclipse/plugins/com.st.stm32cube.ide.mcu.externaltools.gnu-tools-for-stm32.10.3-2021.10.macos64_1.0.200.202301161003/tools/bin/../lib/gcc/arm-none-eabi/10.3.1/thumb/v7e-m+fp/hard/libgcc.a(_udivmoddi4.o)
 .ARM.attributes
                0x00000000000003b9       0x1e /Applications/STM32CubeIDE.app/Contents/Eclipse/plugins/com.st.stm32cube.ide.mcu.externaltools.gnu-tools-for-stm32.10.3-2021.10.macos64_1.0.200.202301161003/tools/bin/../lib/gcc/arm-none-eabi/10.3.1/thumb/v7e-m+fp/hard/libgcc.a(_dvmd_tls.o)
 .ARM.attributes
                0x00000000000003d7       0x1e /Applications/STM32CubeIDE.app/Contents/Eclipse/plugins/com.st.stm32cube.ide.mcu.externaltools.gnu-tools-for-stm32.10.3-2021.10.macos64_1.0.200.202301161003/tools/bin/../lib/gcc/arm-none-eabi/10.3.1/thumb/v7e-m+fp/hard/crtn.o
OUTPUT(project1.elf elf32-littlearm)
LOAD linker stubs
LOAD /Applications/STM32CubeIDE.app/Contents/Eclipse/plugins/com.st.stm32cube.ide.mcu.externaltools.gnu-tools-for-stm32.10.3-2021.10.macos64_1.0.200.202301161003/tools/bin/../lib/gcc/arm-none-eabi/10.3.1/../../../../arm-none-eabi/lib/thumb/v7e-m+fp/hard/libc.a
LOAD /Applications/STM32CubeIDE.app/Contents/Eclipse/plugins/com.st.stm32cube.ide.mcu.externaltools.gnu-tools-for-stm32.10.3-2021.10.macos64_1.0.200.202301161003/tools/bin/../lib/gcc/arm-none-eabi/10.3.1/../../../../arm-none-eabi/lib/thumb/v7e-m+fp/hard/libm.a
LOAD /Applications/STM32CubeIDE.app/Contents/Eclipse/plugins/com.st.stm32cube.ide.mcu.externaltools.gnu-tools-for-stm32.10.3-2021.10.macos64_1.0.200.202301161003/tools/bin/../lib/gcc/arm-none-eabi/10.3.1/thumb/v7e-m+fp/hard/libgcc.a

.debug_info     0x0000000000000000     0xd7e4
 .debug_info    0x0000000000000000     0x14a7 ./Core/Src/main.o
 .debug_info    0x00000000000014a7      0xfb8 ./Core/Src/stm32f4xx_hal_msp.o
 .debug_info    0x000000000000245f      0x9d8 ./Core/Src/stm32f4xx_it.o
 .debug_info    0x0000000000002e37      0x54f ./Core/Src/system_stm32f4xx.o
 .debug_info    0x0000000000003386       0x22 ./Core/Startup/startup_stm32f411retx.o
 .debug_info    0x00000000000033a8      0x90d ./Drivers/STM32F4xx_HAL_Driver/Src/stm32f4xx_hal.o
 .debug_info    0x0000000000003cb5      0xd8b ./Drivers/STM32F4xx_HAL_Driver/Src/stm32f4xx_hal_cortex.o
 .debug_info    0x0000000000004a40      0x947 ./Drivers/STM32F4xx_HAL_Driver/Src/stm32f4xx_hal_dma.o
 .debug_info    0x0000000000005387      0x78e ./Drivers/STM32F4xx_HAL_Driver/Src/stm32f4xx_hal_gpio.o
 .debug_info    0x0000000000005b15      0x98d ./Drivers/STM32F4xx_HAL_Driver/Src/stm32f4xx_hal_rcc.o
 .debug_info    0x00000000000064a2     0x2bb6 ./Drivers/STM32F4xx_HAL_Driver/Src/stm32f4xx_hal_tim.o
 .debug_info    0x0000000000009058     0x15d8 ./Drivers/STM32F4xx_HAL_Driver/Src/stm32f4xx_hal_tim_ex.o
 .debug_info    0x000000000000a630     0x31b4 ./Drivers/STM32F4xx_HAL_Driver/Src/stm32f4xx_hal_uart.o

.debug_abbrev   0x0000000000000000     0x1b47
 .debug_abbrev  0x0000000000000000      0x2f1 ./Core/Src/main.o
 .debug_abbrev  0x00000000000002f1      0x1cc ./Core/Src/stm32f4xx_hal_msp.o
 .debug_abbrev  0x00000000000004bd      0x19c ./Core/Src/stm32f4xx_it.o
 .debug_abbrev  0x0000000000000659      0x116 ./Core/Src/system_stm32f4xx.o
 .debug_abbrev  0x000000000000076f       0x12 ./Core/Startup/startup_stm32f411retx.o
 .debug_abbrev  0x0000000000000781      0x23e ./Drivers/STM32F4xx_HAL_Driver/Src/stm32f4xx_hal.o
 .debug_abbrev  0x00000000000009bf      0x316 ./Drivers/STM32F4xx_HAL_Driver/Src/stm32f4xx_hal_cortex.o
 .debug_abbrev  0x0000000000000cd5      0x21b ./Drivers/STM32F4xx_HAL_Driver/Src/stm32f4xx_hal_dma.o
 .debug_abbrev  0x0000000000000ef0      0x1c4 ./Drivers/STM32F4xx_HAL_Driver/Src/stm32f4xx_hal_gpio.o
 .debug_abbrev  0x00000000000010b4      0x2aa ./Drivers/STM32F4xx_HAL_Driver/Src/stm32f4xx_hal_rcc.o
 .debug_abbrev  0x000000000000135e      0x26e ./Drivers/STM32F4xx_HAL_Driver/Src/stm32f4xx_hal_tim.o
 .debug_abbrev  0x00000000000015cc      0x276 ./Drivers/STM32F4xx_HAL_Driver/Src/stm32f4xx_hal_tim_ex.o
 .debug_abbrev  0x0000000000001842      0x305 ./Drivers/STM32F4xx_HAL_Driver/Src/stm32f4xx_hal_uart.o

.debug_aranges  0x0000000000000000      0xc30
 .debug_aranges
                0x0000000000000000       0x80 ./Core/Src/main.o
 .debug_aranges
                0x0000000000000080       0x40 ./Core/Src/stm32f4xx_hal_msp.o
 .debug_aranges
                0x00000000000000c0       0x70 ./Core/Src/stm32f4xx_it.o
 .debug_aranges
                0x0000000000000130       0x28 ./Core/Src/system_stm32f4xx.o
 .debug_aranges
                0x0000000000000158       0x28 ./Core/Startup/startup_stm32f411retx.o
 .debug_aranges
                0x0000000000000180       0xf0 ./Drivers/STM32F4xx_HAL_Driver/Src/stm32f4xx_hal.o
 .debug_aranges
                0x0000000000000270      0x118 ./Drivers/STM32F4xx_HAL_Driver/Src/stm32f4xx_hal_cortex.o
 .debug_aranges
                0x0000000000000388       0x90 ./Drivers/STM32F4xx_HAL_Driver/Src/stm32f4xx_hal_dma.o
 .debug_aranges
                0x0000000000000418       0x58 ./Drivers/STM32F4xx_HAL_Driver/Src/stm32f4xx_hal_gpio.o
 .debug_aranges
                0x0000000000000470       0x88 ./Drivers/STM32F4xx_HAL_Driver/Src/stm32f4xx_hal_rcc.o
 .debug_aranges
                0x00000000000004f8      0x3d0 ./Drivers/STM32F4xx_HAL_Driver/Src/stm32f4xx_hal_tim.o
 .debug_aranges
                0x00000000000008c8      0x168 ./Drivers/STM32F4xx_HAL_Driver/Src/stm32f4xx_hal_tim_ex.o
 .debug_aranges
                0x0000000000000a30      0x200 ./Drivers/STM32F4xx_HAL_Driver/Src/stm32f4xx_hal_uart.o

.debug_ranges   0x0000000000000000      0xb98
 .debug_ranges  0x0000000000000000       0x70 ./Core/Src/main.o
 .debug_ranges  0x0000000000000070       0x30 ./Core/Src/stm32f4xx_hal_msp.o
 .debug_ranges  0x00000000000000a0       0x60 ./Core/Src/stm32f4xx_it.o
 .debug_ranges  0x0000000000000100       0x18 ./Core/Src/system_stm32f4xx.o
 .debug_ranges  0x0000000000000118       0x20 ./Core/Startup/startup_stm32f411retx.o
 .debug_ranges  0x0000000000000138       0xe0 ./Drivers/STM32F4xx_HAL_Driver/Src/stm32f4xx_hal.o
 .debug_ranges  0x0000000000000218      0x108 ./Drivers/STM32F4xx_HAL_Driver/Src/stm32f4xx_hal_cortex.o
 .debug_ranges  0x0000000000000320       0x80 ./Drivers/STM32F4xx_HAL_Driver/Src/stm32f4xx_hal_dma.o
 .debug_ranges  0x00000000000003a0       0x48 ./Drivers/STM32F4xx_HAL_Driver/Src/stm32f4xx_hal_gpio.o
 .debug_ranges  0x00000000000003e8       0x78 ./Drivers/STM32F4xx_HAL_Driver/Src/stm32f4xx_hal_rcc.o
 .debug_ranges  0x0000000000000460      0x3c0 ./Drivers/STM32F4xx_HAL_Driver/Src/stm32f4xx_hal_tim.o
 .debug_ranges  0x0000000000000820      0x158 ./Drivers/STM32F4xx_HAL_Driver/Src/stm32f4xx_hal_tim_ex.o
 .debug_ranges  0x0000000000000978      0x220 ./Drivers/STM32F4xx_HAL_Driver/Src/stm32f4xx_hal_uart.o

.debug_macro    0x0000000000000000    0x163cb
 .debug_macro   0x0000000000000000      0x372 ./Core/Src/main.o
 .debug_macro   0x0000000000000372      0xa78 ./Core/Src/main.o
 .debug_macro   0x0000000000000dea      0x29b ./Core/Src/main.o
 .debug_macro   0x0000000000001085       0x2e ./Core/Src/main.o
 .debug_macro   0x00000000000010b3       0x28 ./Core/Src/main.o
 .debug_macro   0x00000000000010db       0x22 ./Core/Src/main.o
 .debug_macro   0x00000000000010fd       0x8e ./Core/Src/main.o
 .debug_macro   0x000000000000118b       0x51 ./Core/Src/main.o
 .debug_macro   0x00000000000011dc      0x103 ./Core/Src/main.o
 .debug_macro   0x00000000000012df       0x6a ./Core/Src/main.o
 .debug_macro   0x0000000000001349      0x1df ./Core/Src/main.o
 .debug_macro   0x0000000000001528       0x1c ./Core/Src/main.o
 .debug_macro   0x0000000000001544       0x22 ./Core/Src/main.o
 .debug_macro   0x0000000000001566       0xd9 ./Core/Src/main.o
 .debug_macro   0x000000000000163f     0x102d ./Core/Src/main.o
 .debug_macro   0x000000000000266c      0x11f ./Core/Src/main.o
 .debug_macro   0x000000000000278b     0xb953 ./Core/Src/main.o
 .debug_macro   0x000000000000e0de       0x6d ./Core/Src/main.o
 .debug_macro   0x000000000000e14b     0x367e ./Core/Src/main.o
 .debug_macro   0x00000000000117c9      0x174 ./Core/Src/main.o
 .debug_macro   0x000000000001193d       0x5c ./Core/Src/main.o
 .debug_macro   0x0000000000011999      0x447 ./Core/Src/main.o
 .debug_macro   0x0000000000011de0      0x9fe ./Core/Src/main.o
 .debug_macro   0x00000000000127de      0x115 ./Core/Src/main.o
 .debug_macro   0x00000000000128f3      0x11b ./Core/Src/main.o
 .debug_macro   0x0000000000012a0e       0xa5 ./Core/Src/main.o
 .debug_macro   0x0000000000012ab3      0x15f ./Core/Src/main.o
 .debug_macro   0x0000000000012c12      0x287 ./Core/Src/main.o
 .debug_macro   0x0000000000012e99       0x5f ./Core/Src/main.o
 .debug_macro   0x0000000000012ef8      0x236 ./Core/Src/main.o
 .debug_macro   0x000000000001312e      0x132 ./Core/Src/main.o
 .debug_macro   0x0000000000013260      0x264 ./Core/Src/main.o
 .debug_macro   0x00000000000134c4       0x2e ./Core/Src/main.o
 .debug_macro   0x00000000000134f2      0x11a ./Core/Src/main.o
 .debug_macro   0x000000000001360c       0x85 ./Core/Src/main.o
 .debug_macro   0x0000000000013691       0x89 ./Core/Src/main.o
 .debug_macro   0x000000000001371a      0x8e6 ./Core/Src/main.o
 .debug_macro   0x0000000000014000       0x47 ./Core/Src/main.o
 .debug_macro   0x0000000000014047      0x295 ./Core/Src/main.o
 .debug_macro   0x00000000000142dc      0x126 ./Core/Src/main.o
 .debug_macro   0x0000000000014402       0x4c ./Core/Src/main.o
 .debug_macro   0x000000000001444e       0x52 ./Core/Src/main.o
 .debug_macro   0x00000000000144a0       0x1e ./Core/Src/main.o
 .debug_macro   0x00000000000144be       0x3c ./Core/Src/main.o
 .debug_macro   0x00000000000144fa       0x34 ./Core/Src/main.o
 .debug_macro   0x000000000001452e       0x16 ./Core/Src/main.o
 .debug_macro   0x0000000000014544       0x43 ./Core/Src/main.o
 .debug_macro   0x0000000000014587       0x34 ./Core/Src/main.o
 .debug_macro   0x00000000000145bb       0x10 ./Core/Src/main.o
 .debug_macro   0x00000000000145cb       0x58 ./Core/Src/main.o
 .debug_macro   0x0000000000014623       0x71 ./Core/Src/main.o
 .debug_macro   0x0000000000014694       0x1c ./Core/Src/main.o
 .debug_macro   0x00000000000146b0      0x12a ./Core/Src/main.o
 .debug_macro   0x00000000000147da      0x341 ./Core/Src/main.o
 .debug_macro   0x0000000000014b1b       0x10 ./Core/Src/main.o
 .debug_macro   0x0000000000014b2b       0x35 ./Core/Src/main.o
 .debug_macro   0x0000000000014b60       0x20 ./Core/Src/main.o
 .debug_macro   0x0000000000014b80       0x1c ./Core/Src/main.o
 .debug_macro   0x0000000000014b9c       0x10 ./Core/Src/main.o
 .debug_macro   0x0000000000014bac       0x10 ./Core/Src/main.o
 .debug_macro   0x0000000000014bbc       0x1c ./Core/Src/main.o
 .debug_macro   0x0000000000014bd8       0x52 ./Core/Src/main.o
 .debug_macro   0x0000000000014c2a       0x22 ./Core/Src/main.o
 .debug_macro   0x0000000000014c4c       0x10 ./Core/Src/main.o
 .debug_macro   0x0000000000014c5c       0x52 ./Core/Src/main.o
 .debug_macro   0x0000000000014cae       0xd5 ./Core/Src/main.o
 .debug_macro   0x0000000000014d83       0x1c ./Core/Src/main.o
 .debug_macro   0x0000000000014d9f       0x3d ./Core/Src/main.o
 .debug_macro   0x0000000000014ddc       0x16 ./Core/Src/main.o
 .debug_macro   0x0000000000014df2      0x145 ./Core/Src/main.o
 .debug_macro   0x0000000000014f37      0x1dd ./Core/Src/stm32f4xx_hal_msp.o
 .debug_macro   0x0000000000015114      0x1e7 ./Core/Src/stm32f4xx_it.o
 .debug_macro   0x00000000000152fb      0x1ce ./Core/Src/system_stm32f4xx.o
 .debug_macro   0x00000000000154c9      0x22e ./Drivers/STM32F4xx_HAL_Driver/Src/stm32f4xx_hal.o
 .debug_macro   0x00000000000156f7      0x1ce ./Drivers/STM32F4xx_HAL_Driver/Src/stm32f4xx_hal_cortex.o
 .debug_macro   0x00000000000158c5      0x1d4 ./Drivers/STM32F4xx_HAL_Driver/Src/stm32f4xx_hal_dma.o
 .debug_macro   0x0000000000015a99      0x1d4 ./Drivers/STM32F4xx_HAL_Driver/Src/stm32f4xx_hal_gpio.o
 .debug_macro   0x0000000000015c6d      0x1f2 ./Drivers/STM32F4xx_HAL_Driver/Src/stm32f4xx_hal_rcc.o
 .debug_macro   0x0000000000015e5f      0x1cf ./Drivers/STM32F4xx_HAL_Driver/Src/stm32f4xx_hal_tim.o
 .debug_macro   0x000000000001602e      0x1ce ./Drivers/STM32F4xx_HAL_Driver/Src/stm32f4xx_hal_tim_ex.o
 .debug_macro   0x00000000000161fc      0x1cf ./Drivers/STM32F4xx_HAL_Driver/Src/stm32f4xx_hal_uart.o

.debug_line     0x0000000000000000     0xdace
 .debug_line    0x0000000000000000      0xc87 ./Core/Src/main.o
 .debug_line    0x0000000000000c87      0x7e2 ./Core/Src/stm32f4xx_hal_msp.o
 .debug_line    0x0000000000001469      0x7e2 ./Core/Src/stm32f4xx_it.o
 .debug_line    0x0000000000001c4b      0x771 ./Core/Src/system_stm32f4xx.o
 .debug_line    0x00000000000023bc       0x88 ./Core/Startup/startup_stm32f411retx.o
 .debug_line    0x0000000000002444      0x9d7 ./Drivers/STM32F4xx_HAL_Driver/Src/stm32f4xx_hal.o
 .debug_line    0x0000000000002e1b      0xc86 ./Drivers/STM32F4xx_HAL_Driver/Src/stm32f4xx_hal_cortex.o
 .debug_line    0x0000000000003aa1      0xf3b ./Drivers/STM32F4xx_HAL_Driver/Src/stm32f4xx_hal_dma.o
 .debug_line    0x00000000000049dc      0xb0f ./Drivers/STM32F4xx_HAL_Driver/Src/stm32f4xx_hal_gpio.o
 .debug_line    0x00000000000054eb      0xd53 ./Drivers/STM32F4xx_HAL_Driver/Src/stm32f4xx_hal_rcc.o
 .debug_line    0x000000000000623e     0x34a5 ./Drivers/STM32F4xx_HAL_Driver/Src/stm32f4xx_hal_tim.o
 .debug_line    0x00000000000096e3     0x196f ./Drivers/STM32F4xx_HAL_Driver/Src/stm32f4xx_hal_tim_ex.o
 .debug_line    0x000000000000b052     0x2a7c ./Drivers/STM32F4xx_HAL_Driver/Src/stm32f4xx_hal_uart.o

.debug_str      0x0000000000000000    0x8df96
 .debug_str     0x0000000000000000    0x8b1fb ./Core/Src/main.o
                                      0x8b57d (size before relaxing)
 .debug_str     0x000000000008b1fb      0x485 ./Core/Src/stm32f4xx_hal_msp.o
                                      0x876ba (size before relaxing)
 .debug_str     0x000000000008b680      0x112 ./Core/Src/stm32f4xx_it.o
                                      0x871b9 (size before relaxing)
 .debug_str     0x000000000008b792       0xdb ./Core/Src/system_stm32f4xx.o
                                      0x86a6f (size before relaxing)
 .debug_str     0x000000000008b86d       0x36 ./Core/Startup/startup_stm32f411retx.o
                                         0x76 (size before relaxing)
 .debug_str     0x000000000008b8a3      0x5e4 ./Drivers/STM32F4xx_HAL_Driver/Src/stm32f4xx_hal.o
                                      0x8749b (size before relaxing)
 .debug_str     0x000000000008be87      0x32d ./Drivers/STM32F4xx_HAL_Driver/Src/stm32f4xx_hal_cortex.o
                                      0x871bc (size before relaxing)
 .debug_str     0x000000000008c1b4      0x323 ./Drivers/STM32F4xx_HAL_Driver/Src/stm32f4xx_hal_dma.o
                                      0x86e77 (size before relaxing)
 .debug_str     0x000000000008c4d7      0x10e ./Drivers/STM32F4xx_HAL_Driver/Src/stm32f4xx_hal_gpio.o
                                      0x86bea (size before relaxing)
 .debug_str     0x000000000008c5e5      0x233 ./Drivers/STM32F4xx_HAL_Driver/Src/stm32f4xx_hal_rcc.o
                                      0x86ea3 (size before relaxing)
 .debug_str     0x000000000008c818      0xd33 ./Drivers/STM32F4xx_HAL_Driver/Src/stm32f4xx_hal_tim.o
                                      0x87dd7 (size before relaxing)
 .debug_str     0x000000000008d54b      0x493 ./Drivers/STM32F4xx_HAL_Driver/Src/stm32f4xx_hal_tim_ex.o
                                      0x875f3 (size before relaxing)
 .debug_str     0x000000000008d9de      0x5b8 ./Drivers/STM32F4xx_HAL_Driver/Src/stm32f4xx_hal_uart.o
                                      0x87430 (size before relaxing)

.comment        0x0000000000000000       0x50
 .comment       0x0000000000000000       0x50 ./Core/Src/main.o
                                         0x51 (size before relaxing)
 .comment       0x0000000000000050       0x51 ./Core/Src/stm32f4xx_hal_msp.o
 .comment       0x0000000000000050       0x51 ./Core/Src/stm32f4xx_it.o
 .comment       0x0000000000000050       0x51 ./Core/Src/system_stm32f4xx.o
 .comment       0x0000000000000050       0x51 ./Drivers/STM32F4xx_HAL_Driver/Src/stm32f4xx_hal.o
 .comment       0x0000000000000050       0x51 ./Drivers/STM32F4xx_HAL_Driver/Src/stm32f4xx_hal_cortex.o
 .comment       0x0000000000000050       0x51 ./Drivers/STM32F4xx_HAL_Driver/Src/stm32f4xx_hal_dma.o
 .comment       0x0000000000000050       0x51 ./Drivers/STM32F4xx_HAL_Driver/Src/stm32f4xx_hal_gpio.o
 .comment       0x0000000000000050       0x51 ./Drivers/STM32F4xx_HAL_Driver/Src/stm32f4xx_hal_rcc.o
 .comment       0x0000000000000050       0x51 ./Drivers/STM32F4xx_HAL_Driver/Src/stm32f4xx_hal_tim.o
 .comment       0x0000000000000050       0x51 ./Drivers/STM32F4xx_HAL_Driver/Src/stm32f4xx_hal_tim_ex.o
 .comment       0x0000000000000050       0x51 ./Drivers/STM32F4xx_HAL_Driver/Src/stm32f4xx_hal_uart.o

.debug_frame    0x0000000000000000     0x339c
 .debug_frame   0x0000000000000000      0x1bc ./Core/Src/main.o
 .debug_frame   0x00000000000001bc       0xc4 ./Core/Src/stm32f4xx_hal_msp.o
 .debug_frame   0x0000000000000280      0x13c ./Core/Src/stm32f4xx_it.o
 .debug_frame   0x00000000000003bc       0x58 ./Core/Src/system_stm32f4xx.o
 .debug_frame   0x0000000000000414      0x374 ./Drivers/STM32F4xx_HAL_Driver/Src/stm32f4xx_hal.o
 .debug_frame   0x0000000000000788      0x498 ./Drivers/STM32F4xx_HAL_Driver/Src/stm32f4xx_hal_cortex.o
 .debug_frame   0x0000000000000c20      0x250 ./Drivers/STM32F4xx_HAL_Driver/Src/stm32f4xx_hal_dma.o
 .debug_frame   0x0000000000000e70      0x14c ./Drivers/STM32F4xx_HAL_Driver/Src/stm32f4xx_hal_gpio.o
 .debug_frame   0x0000000000000fbc      0x1f4 ./Drivers/STM32F4xx_HAL_Driver/Src/stm32f4xx_hal_rcc.o
 .debug_frame   0x00000000000011b0     0x11bc ./Drivers/STM32F4xx_HAL_Driver/Src/stm32f4xx_hal_tim.o
 .debug_frame   0x000000000000236c      0x638 ./Drivers/STM32F4xx_HAL_Driver/Src/stm32f4xx_hal_tim_ex.o
 .debug_frame   0x00000000000029a4      0x92c ./Drivers/STM32F4xx_HAL_Driver/Src/stm32f4xx_hal_uart.o
 .debug_frame   0x00000000000032d0       0x2c /Applications/STM32CubeIDE.app/Contents/Eclipse/plugins/com.st.stm32cube.ide.mcu.externaltools.gnu-tools-for-stm32.10.3-2021.10.macos64_1.0.200.202301161003/tools/bin/../lib/gcc/arm-none-eabi/10.3.1/../../../../arm-none-eabi/lib/thumb/v7e-m+fp/hard/libc_nano.a(lib_a-init.o)
 .debug_frame   0x00000000000032fc       0x20 /Applications/STM32CubeIDE.app/Contents/Eclipse/plugins/com.st.stm32cube.ide.mcu.externaltools.gnu-tools-for-stm32.10.3-2021.10.macos64_1.0.200.202301161003/tools/bin/../lib/gcc/arm-none-eabi/10.3.1/../../../../arm-none-eabi/lib/thumb/v7e-m+fp/hard/libc_nano.a(lib_a-memset.o)
 .debug_frame   0x000000000000331c       0x20 /Applications/STM32CubeIDE.app/Contents/Eclipse/plugins/com.st.stm32cube.ide.mcu.externaltools.gnu-tools-for-stm32.10.3-2021.10.macos64_1.0.200.202301161003/tools/bin/../lib/gcc/arm-none-eabi/10.3.1/../../../../arm-none-eabi/lib/thumb/v7e-m+fp/hard/libc_nano.a(lib_a-strcmp.o)
 .debug_frame   0x000000000000333c       0x2c /Applications/STM32CubeIDE.app/Contents/Eclipse/plugins/com.st.stm32cube.ide.mcu.externaltools.gnu-tools-for-stm32.10.3-2021.10.macos64_1.0.200.202301161003/tools/bin/../lib/gcc/arm-none-eabi/10.3.1/thumb/v7e-m+fp/hard/libgcc.a(_aeabi_uldivmod.o)
 .debug_frame   0x0000000000003368       0x34 /Applications/STM32CubeIDE.app/Contents/Eclipse/plugins/com.st.stm32cube.ide.mcu.externaltools.gnu-tools-for-stm32.10.3-2021.10.macos64_1.0.200.202301161003/tools/bin/../lib/gcc/arm-none-eabi/10.3.1/thumb/v7e-m+fp/hard/libgcc.a(_udivmoddi4.o)
